C:\depot\main\as\asc\test\sanity\tests\arguments.abc
C:\depot\main\as\asc\test\sanity\tests\arguments2.abc
C:\depot\main\as\asc\test\sanity\tests\array.abc
C:\depot\main\as\asc\test\sanity\tests\array2.abc
C:\depot\main\as\asc\test\sanity\tests\arrayextensions.abc
C:\depot\main\as\asc\test\sanity\tests\arrayliteral.abc
C:\depot\main\as\asc\test\sanity\tests\as.abc
C:\depot\main\as\asc\test\sanity\tests\b107938.abc
C:\depot\main\as\asc\test\sanity\tests\b107979.abc
C:\depot\main\as\asc\test\sanity\tests\b107980.abc
C:\depot\main\as\asc\test\sanity\tests\b108022.abc
C:\depot\main\as\asc\test\sanity\tests\b108470.abc
C:\depot\main\as\asc\test\sanity\tests\b108631.abc
C:\depot\main\as\asc\test\sanity\tests\b108798.abc
C:\depot\main\as\asc\test\sanity\tests\b109167.abc
C:\depot\main\as\asc\test\sanity\tests\b109167_in.abc
C:\depot\main\as\asc\test\sanity\tests\b110112.abc
C:\depot\main\as\asc\test\sanity\tests\b110112_i.abc
C:\depot\main\as\asc\test\sanity\tests\b111199.abc
C:\depot\main\as\asc\test\sanity\tests\b111261.abc
C:\depot\main\as\asc\test\sanity\tests\b111262.abc
C:\depot\main\as\asc\test\sanity\tests\b111413.abc
C:\depot\main\as\asc\test\sanity\tests\b111651.abc
C:\depot\main\as\asc\test\sanity\tests\b111679.abc
C:\depot\main\as\asc\test\sanity\tests\b111951.abc
C:\depot\main\as\asc\test\sanity\tests\b112173.abc
C:\depot\main\as\asc\test\sanity\tests\b113192.abc
C:\depot\main\as\asc\test\sanity\tests\b113887.abc
C:\depot\main\as\asc\test\sanity\tests\b114584.abc
C:\depot\main\as\asc\test\sanity\tests\b114774.abc
C:\depot\main\as\asc\test\sanity\tests\b115155.abc
C:\depot\main\as\asc\test\sanity\tests\b115530.abc
C:\depot\main\as\asc\test\sanity\tests\b115584.abc
C:\depot\main\as\asc\test\sanity\tests\b115876.abc
C:\depot\main\as\asc\test\sanity\tests\b115964.abc
C:\depot\main\as\asc\test\sanity\tests\b116702.abc
C:\depot\main\as\asc\test\sanity\tests\b117267.abc
C:\depot\main\as\asc\test\sanity\tests\b117268.abc
C:\depot\main\as\asc\test\sanity\tests\b118175.abc
C:\depot\main\as\asc\test\sanity\tests\b120414.abc
C:\depot\main\as\asc\test\sanity\tests\b120414_unix.abc
C:\depot\main\as\asc\test\sanity\tests\b120428.abc
C:\depot\main\as\asc\test\sanity\tests\b120428_unix.abc
C:\depot\main\as\asc\test\sanity\tests\b120429.abc
C:\depot\main\as\asc\test\sanity\tests\b120429_unix.abc
C:\depot\main\as\asc\test\sanity\tests\b120430.abc
C:\depot\main\as\asc\test\sanity\tests\b120430_unix.abc
C:\depot\main\as\asc\test\sanity\tests\b120449.abc
C:\depot\main\as\asc\test\sanity\tests\b120523.abc
C:\depot\main\as\asc\test\sanity\tests\b120524.abc
C:\depot\main\as\asc\test\sanity\tests\b120576.abc
C:\depot\main\as\asc\test\sanity\tests\b121234.abc
C:\depot\main\as\asc\test\sanity\tests\b121469.abc
C:\depot\main\as\asc\test\sanity\tests\b122038.abc
C:\depot\main\as\asc\test\sanity\tests\b124435.abc
C:\depot\main\as\asc\test\sanity\tests\b124561.abc
C:\depot\main\as\asc\test\sanity\tests\b124585.abc
C:\depot\main\as\asc\test\sanity\tests\b127174.abc
C:\depot\main\as\asc\test\sanity\tests\b127559.abc
C:\depot\main\as\asc\test\sanity\tests\b128275.abc
C:\depot\main\as\asc\test\sanity\tests\b130764.abc
C:\depot\main\as\asc\test\sanity\tests\b132189.abc
C:\depot\main\as\asc\test\sanity\tests\b132771.abc
C:\depot\main\as\asc\test\sanity\tests\b132818.abc
C:\depot\main\as\asc\test\sanity\tests\b134151.abc
C:\depot\main\as\asc\test\sanity\tests\b134359.abc
C:\depot\main\as\asc\test\sanity\tests\b134361.abc
C:\depot\main\as\asc\test\sanity\tests\b134539.abc
C:\depot\main\as\asc\test\sanity\tests\b135181.abc
C:\depot\main\as\asc\test\sanity\tests\b136054.abc
C:\depot\main\as\asc\test\sanity\tests\b136765.abc
C:\depot\main\as\asc\test\sanity\tests\b137604.abc
C:\depot\main\as\asc\test\sanity\tests\b137659.abc
C:\depot\main\as\asc\test\sanity\tests\b137800.abc
C:\depot\main\as\asc\test\sanity\tests\b137879.abc
C:\depot\main\as\asc\test\sanity\tests\b138386.abc
C:\depot\main\as\asc\test\sanity\tests\b139065.abc
C:\depot\main\as\asc\test\sanity\tests\b142772.abc
C:\depot\main\as\asc\test\sanity\tests\b147398.abc
C:\depot\main\as\asc\test\sanity\tests\b148822.abc
C:\depot\main\as\asc\test\sanity\tests\b149131.abc
C:\depot\main\as\asc\test\sanity\tests\b150025.abc
C:\depot\main\as\asc\test\sanity\tests\b150032.abc
C:\depot\main\as\asc\test\sanity\tests\b150975.abc
C:\depot\main\as\asc\test\sanity\tests\b151539.abc
C:\depot\main\as\asc\test\sanity\tests\b152173.abc
C:\depot\main\as\asc\test\sanity\tests\b152594.abc
C:\depot\main\as\asc\test\sanity\tests\b152915.abc
C:\depot\main\as\asc\test\sanity\tests\b152925.abc
C:\depot\main\as\asc\test\sanity\tests\b153336.abc
C:\depot\main\as\asc\test\sanity\tests\b153874.abc
C:\depot\main\as\asc\test\sanity\tests\b154156.abc
C:\depot\main\as\asc\test\sanity\tests\b154298.abc
C:\depot\main\as\asc\test\sanity\tests\b154319.abc
C:\depot\main\as\asc\test\sanity\tests\b154771.abc
C:\depot\main\as\asc\test\sanity\tests\b154869.abc
C:\depot\main\as\asc\test\sanity\tests\b155288.abc
C:\depot\main\as\asc\test\sanity\tests\b158169.abc
C:\depot\main\as\asc\test\sanity\tests\b158305.abc
C:\depot\main\as\asc\test\sanity\tests\b159449.abc
C:\depot\main\as\asc\test\sanity\tests\b161702.abc
C:\depot\main\as\asc\test\sanity\tests\b161825.abc
C:\depot\main\as\asc\test\sanity\tests\bignumber.abc
C:\depot\main\as\asc\test\sanity\tests\bigstring.abc
C:\depot\main\as\asc\test\sanity\tests\binary.abc
C:\depot\main\as\asc\test\sanity\tests\block_names.abc
C:\depot\main\as\asc\test\sanity\tests\boidshack.abc
C:\depot\main\as\asc\test\sanity\tests\bool.abc
C:\depot\main\as\asc\test\sanity\tests\boolean.abc
C:\depot\main\as\asc\test\sanity\tests\bound.abc
C:\depot\main\as\asc\test\sanity\tests\break.abc
C:\depot\main\as\asc\test\sanity\tests\break_in_try.abc
C:\depot\main\as\asc\test\sanity\tests\bug109296.abc
C:\depot\main\as\asc\test\sanity\tests\class1.abc
C:\depot\main\as\asc\test\sanity\tests\class3.abc
C:\depot\main\as\asc\test\sanity\tests\class4.abc
C:\depot\main\as\asc\test\sanity\tests\class_ctor.abc
C:\depot\main\as\asc\test\sanity\tests\closure.abc
C:\depot\main\as\asc\test\sanity\tests\coerce.abc
C:\depot\main\as\asc\test\sanity\tests\completion.abc
C:\depot\main\as\asc\test\sanity\tests\compound.abc
C:\depot\main\as\asc\test\sanity\tests\cond.abc
C:\depot\main\as\asc\test\sanity\tests\const.abc
C:\depot\main\as\asc\test\sanity\tests\continue.abc
C:\depot\main\as\asc\test\sanity\tests\delete.abc
C:\depot\main\as\asc\test\sanity\tests\dict.abc
C:\depot\main\as\asc\test\sanity\tests\do.abc
C:\depot\main\as\asc\test\sanity\tests\doubleToInt.abc
C:\depot\main\as\asc\test\sanity\tests\dynamic.abc
C:\depot\main\as\asc\test\sanity\tests\empty.abc
C:\depot\main\as\asc\test\sanity\tests\equals.abc
C:\depot\main\as\asc\test\sanity\tests\exception_scope.abc
C:\depot\main\as\asc\test\sanity\tests\exceptions.abc
C:\depot\main\as\asc\test\sanity\tests\fexpr.abc
C:\depot\main\as\asc\test\sanity\tests\finally-nested.abc
C:\depot\main\as\asc\test\sanity\tests\flength.abc
C:\depot\main\as\asc\test\sanity\tests\flowConst.abc
C:\depot\main\as\asc\test\sanity\tests\for.abc
C:\depot\main\as\asc\test\sanity\tests\for_fast.abc
C:\depot\main\as\asc\test\sanity\tests\for_slow.abc
C:\depot\main\as\asc\test\sanity\tests\forin.abc
C:\depot\main\as\asc\test\sanity\tests\forin2.abc
C:\depot\main\as\asc\test\sanity\tests\func.abc
C:\depot\main\as\asc\test\sanity\tests\get.abc
C:\depot\main\as\asc\test\sanity\tests\getset.abc
C:\depot\main\as\asc\test\sanity\tests\getstmt.abc
C:\depot\main\as\asc\test\sanity\tests\harness.abc
C:\depot\main\as\asc\test\sanity\tests\harnessASC.abc
C:\depot\main\as\asc\test\sanity\tests\hello.abc
C:\depot\main\as\asc\test\sanity\tests\if.abc
C:\depot\main\as\asc\test\sanity\tests\import.abc
C:\depot\main\as\asc\test\sanity\tests\import_bug.abc
C:\depot\main\as\asc\test\sanity\tests\incr.abc
C:\depot\main\as\asc\test\sanity\tests\index.abc
C:\depot\main\as\asc\test\sanity\tests\indexed.abc
C:\depot\main\as\asc\test\sanity\tests\init.abc
C:\depot\main\as\asc\test\sanity\tests\integerHashTableKeys.abc
C:\depot\main\as\asc\test\sanity\tests\interface2.abc
C:\depot\main\as\asc\test\sanity\tests\interface3.abc
C:\depot\main\as\asc\test\sanity\tests\interface_ns.abc
C:\depot\main\as\asc\test\sanity\tests\interface_ns_error.abc
C:\depot\main\as\asc\test\sanity\tests\interface_override.abc
C:\depot\main\as\asc\test\sanity\tests\interface_simple.abc
C:\depot\main\as\asc\test\sanity\tests\interface_super.abc
C:\depot\main\as\asc\test\sanity\tests\intrinsic.abc
C:\depot\main\as\asc\test\sanity\tests\itable.abc
C:\depot\main\as\asc\test\sanity\tests\local.abc
C:\depot\main\as\asc\test\sanity\tests\member.abc
C:\depot\main\as\asc\test\sanity\tests\metadata2.abc
C:\depot\main\as\asc\test\sanity\tests\mod.abc
C:\depot\main\as\asc\test\sanity\tests\namespace-alias.abc
C:\depot\main\as\asc\test\sanity\tests\namespace.abc
C:\depot\main\as\asc\test\sanity\tests\namespaces2.abc
C:\depot\main\as\asc\test\sanity\tests\native.abc
C:\depot\main\as\asc\test\sanity\tests\nested.abc
C:\depot\main\as\asc\test\sanity\tests\nested2.abc
C:\depot\main\as\asc\test\sanity\tests\new.abc
C:\depot\main\as\asc\test\sanity\tests\nothing.abc
C:\depot\main\as\asc\test\sanity\tests\object.abc
C:\depot\main\as\asc\test\sanity\tests\objectliteral.abc
C:\depot\main\as\asc\test\sanity\tests\offsetStringTests.abc
C:\depot\main\as\asc\test\sanity\tests\optionalargs.abc
C:\depot\main\as\asc\test\sanity\tests\override-protected.abc
C:\depot\main\as\asc\test\sanity\tests\overwrite.abc
C:\depot\main\as\asc\test\sanity\tests\package.abc
C:\depot\main\as\asc\test\sanity\tests\package_doccomment.abc
C:\depot\main\as\asc\test\sanity\tests\parseFloatVsNumber.abc
C:\depot\main\as\asc\test\sanity\tests\plus.abc
C:\depot\main\as\asc\test\sanity\tests\plus2.abc
C:\depot\main\as\asc\test\sanity\tests\prime.abc
C:\depot\main\as\asc\test\sanity\tests\prime_int.abc
C:\depot\main\as\asc\test\sanity\tests\prime_number.abc
C:\depot\main\as\asc\test\sanity\tests\private.abc
C:\depot\main\as\asc\test\sanity\tests\protected.abc
C:\depot\main\as\asc\test\sanity\tests\proto.abc
C:\depot\main\as\asc\test\sanity\tests\regexp.abc
C:\depot\main\as\asc\test\sanity\tests\regress.abc
C:\depot\main\as\asc\test\sanity\tests\rest.abc
C:\depot\main\as\asc\test\sanity\tests\ret.abc
C:\depot\main\as\asc\test\sanity\tests\sanity.abc
C:\depot\main\as\asc\test\sanity\tests\set.abc
C:\depot\main\as\asc\test\sanity\tests\shift.abc
C:\depot\main\as\asc\test\sanity\tests\simple.abc
C:\depot\main\as\asc\test\sanity\tests\staranno.abc
C:\depot\main\as\asc\test\sanity\tests\statics_and_namespaces.abc
C:\depot\main\as\asc\test\sanity\tests\str.abc
C:\depot\main\as\asc\test\sanity\tests\stringEscapes.abc
C:\depot\main\as\asc\test\sanity\tests\subtle_finally.abc
C:\depot\main\as\asc\test\sanity\tests\super.abc
C:\depot\main\as\asc\test\sanity\tests\super2.abc
C:\depot\main\as\asc\test\sanity\tests\super3.abc
C:\depot\main\as\asc\test\sanity\tests\swap.abc
C:\depot\main\as\asc\test\sanity\tests\switch.abc
C:\depot\main\as\asc\test\sanity\tests\t1.abc
C:\depot\main\as\asc\test\sanity\tests\t2.abc
C:\depot\main\as\asc\test\sanity\tests\t3.abc
C:\depot\main\as\asc\test\sanity\tests\t4.abc
C:\depot\main\as\asc\test\sanity\tests\t5.abc
C:\depot\main\as\asc\test\sanity\tests\this.abc
C:\depot\main\as\asc\test\sanity\tests\this2.abc
C:\depot\main\as\asc\test\sanity\tests\trycatch.abc
C:\depot\main\as\asc\test\sanity\tests\typeConversion.abc
C:\depot\main\as\asc\test\sanity\tests\u.abc
C:\depot\main\as\asc\test\sanity\tests\uint.abc
C:\depot\main\as\asc\test\sanity\tests\unary.abc
C:\depot\main\as\asc\test\sanity\tests\unbound.abc
C:\depot\main\as\asc\test\sanity\tests\vars.abc
C:\depot\main\as\asc\test\sanity\tests\vector.abc
C:\depot\main\as\asc\test\sanity\tests\versions.abc
C:\depot\main\as\asc\test\sanity\tests\void.abc
C:\depot\main\as\asc\test\sanity\tests\while.abc
C:\depot\main\as\asc\test\sanity\tests\with.abc
C:\depot\main\as\asc\test\sanity\tests\xmlfilter.abc
C:\depot\main\as\asc\test\sanity\tests\xmlfixes.abc
C:\depot\main\as\asc\test\sanity\tests\xmlname.abc
C:\depot\main\as\asc\test\sanity\tests\importorder.abc
C:\depot\main\as\asc\test\sanity\tests\importorder_abc.abc
C:\depot\main\as\asc\test\sanity\tests\bug123884.abc
